// Jest Snapshot v1, https://goo.gl/fbAQLP

exports[`generateLinkedList should generate linked list from values 2 1`] = `
{
  "next": {
    "next": {
      "next": {
        "next": null,
        "value": null,
      },
      "value": {
        "id": "3",
        "value": "three",
      },
    },
    "value": {
      "id": "2",
      "value": "two",
    },
  },
  "value": {
    "id": "2",
    "value": "one",
  },
}
`;
